#
# A fatal error has been detected by the Java Runtime Environment:
#
#  EXCEPTION_ACCESS_VIOLATION (0xc0000005) at pc=0x00007ffdde7dcea4, pid=17672, tid=16572
#
# JRE version: Java(TM) SE Runtime Environment (21.0.5+9) (build 21.0.5+9-LTS-239)
# Java VM: Java HotSpot(TM) 64-Bit Server VM (21.0.5+9-LTS-239, mixed mode, sharing, tiered, compressed oops, compressed class ptrs, g1 gc, windows-amd64)
# Problematic frame:
# C  [jniLLVM.dll+0x2ecea4]
#
# No core dump will be written. Minidumps are not enabled by default on client versions of Windows
#
# If you would like to submit a bug report, please visit:
#   https://bugreport.java.com/bugreport/crash.jsp
# The crash happened outside the Java Virtual Machine in native code.
# See problematic frame for where to report the bug.
#

---------------  S U M M A R Y ------------

Command Line: -javaagent:E:\Jetbrains\apps\IDEA-U\ch-0\232.10072.27\lib\idea_rt.jar=58665:E:\Jetbrains\apps\IDEA-U\ch-0\232.10072.27\bin -Dfile.encoding=UTF-8 -Dsun.stdout.encoding=UTF-8 -Dsun.stderr.encoding=UTF-8 MainKt

Host: Intel(R) Core(TM) i5-8300H CPU @ 2.30GHz, 8 cores, 7G,  Windows 10 , 64 bit Build 19041 (10.0.19041.5438)
Time: Sun Mar 30 16:37:40 2025  Windows 10 , 64 bit Build 19041 (10.0.19041.5438) elapsed time: 0.959164 seconds (0d 0h 0m 0s)

---------------  T H R E A D  ---------------

Current thread (0x000001e1881666a0):  JavaThread "main"             [_thread_in_native, id=16572, stack(0x000000a367700000,0x000000a367800000) (1024K)]

Stack: [0x000000a367700000,0x000000a367800000],  sp=0x000000a3677fed80,  free space=1019k
Native frames: (J=compiled Java code, j=interpreted, Vv=VM code, C=native code)
C  [jniLLVM.dll+0x2ecea4]

Java frames: (J=compiled Java code, j=interpreted, Vv=VM code)
j  org.bytedeco.llvm.global.LLVM.LLVMBuildLoad2(Lorg/bytedeco/llvm/LLVM/LLVMBuilderRef;Lorg/bytedeco/llvm/LLVM/LLVMTypeRef;Lorg/bytedeco/llvm/LLVM/LLVMValueRef;Lorg/bytedeco/javacpp/BytePointer;)Lorg/bytedeco/llvm/LLVM/LLVMValueRef;+0
j  shch.codegen.ShchLLVMCompiler.compileExpr(Lshch/ShchParser$ExprContext;)Lorg/bytedeco/llvm/LLVM/LLVMValueRef;+198
j  shch.codegen.ShchLLVMCompiler.compileExpr(Lshch/ShchParser$ExprContext;)Lorg/bytedeco/llvm/LLVM/LLVMValueRef;+251
j  shch.codegen.ShchLLVMCompiler.compileAssign(Lshch/ShchParser$AssignStmtContext;)V+58
j  shch.codegen.ShchLLVMCompiler.compileStatement(Lshch/ShchParser$StatementContext;)V+43
j  shch.codegen.ShchLLVMCompiler.compile(Lshch/ShchParser$ProgramContext;)V+137
j  MainKt.main()V+80
j  MainKt.main([Ljava/lang/String;)V+0
v  ~StubRoutines::call_stub 0x000001e19933100d

siginfo: EXCEPTION_ACCESS_VIOLATION (0xc0000005), reading address 0xffffffffffffffff


Registers:
RAX=0x000001e1ed183dc8, RBX=0x000000a3677feea0, RCX=0x000001e1ed183dc8, RDX=0x000000a3677feea0
RSP=0x000000a3677fed80, RBP=0x000001e1ed2f5880, RSI=0x000001e1ed2e8f00, RDI=0x6e000500096d0005
R8 =0x6e000500096d0005, R9 =0x0000000000000001, R10=0x0000000000000000, R11=0x0000000000000004
R12=0x000001e1ecc814a0, R13=0x000001e1e84d9580, R14=0x6e000500096d0005, R15=0x000001e1ed2e8f00
RIP=0x00007ffdde7dcea4, EFLAGS=0x0000000000010202


Register to memory mapping:

RAX=0x000001e1ed183dc8 points into unknown readable memory: 0x000000006e616c00 | 00 6c 61 6e 00 00 00 00
RBX=0x000000a3677feea0 is pointing into the stack for thread: 0x000001e1881666a0
RCX=0x000001e1ed183dc8 points into unknown readable memory: 0x000000006e616c00 | 00 6c 61 6e 00 00 00 00
RDX=0x000000a3677feea0 is pointing into the stack for thread: 0x000001e1881666a0
RSP=0x000000a3677fed80 is pointing into the stack for thread: 0x000001e1881666a0
RBP=0x000001e1ed2f5880 points into unknown readable memory: 0x100000010002003c | 3c 00 02 00 01 00 00 10
RSI=0x000001e1ed2e8f00 points into unknown readable memory: 0x000001e1ed2e8f10 | 10 8f 2e ed e1 01 00 00
RDI=0x6e000500096d0005 is an unknown value
R8 =0x6e000500096d0005 is an unknown value
R9 =0x0000000000000001 is an unknown value
R10=0x0 is null
R11=0x0000000000000004 is an unknown value
R12=0x000001e1ecc814a0 points into unknown readable memory: 0x0000000000000078 | 78 00 00 00 00 00 00 00
R13=0x000001e1e84d9580 is pointing into metadata
R14=0x6e000500096d0005 is an unknown value
R15=0x000001e1ed2e8f00 points into unknown readable memory: 0x000001e1ed2e8f10 | 10 8f 2e ed e1 01 00 00

Top of Stack: (sp=0x000000a3677fed80)
0x000000a3677fed80:   0000000000000000 000000006c5f0000
0x000000a3677fed90:   4c5f6c61626f6c02 000000a3677fec90
0x000000a3677feda0:   0000000000000000 0000000000000000
0x000000a3677fedb0:   6e000500096d0005 00007ffdde7dcd21
0x000000a3677fedc0:   000000a3677feea0 000001e1ed2f5880
0x000000a3677fedd0:   000001e1ed2e8f00 00007ffe3a55cfc0
0x000000a3677fede0:   0000000000000000 00007ffdde636e4c
0x000000a3677fedf0:   000001e188166600 0000000000000000
0x000000a3677fee00:   000001e1e84d9580 0000000000000000
0x000000a3677fee10:   0000000000000000 0000000000000000
0x000000a3677fee20:   0000000000000000 0000000000000000
0x000000a3677fee30:   0000000000000000 0000000000000000
0x000000a3677fee40:   0000000000000000 00000008e85d1800
0x000000a3677fee50:   00007ffe3a8a34b8 000001e1881dc618
0x000000a3677fee60:   000000a30000000c 0000000000199999
0x000000a3677fee70:   000001e1e84d9588 000001e1881666a0
0x000000a3677fee80:   0000000200000004 000001e100000004
0x000000a3677fee90:   000000a3677ff008 00007ffdde63e50a
0x000000a3677feea0:   000000a3677ff018 000001e188166a58
0x000000a3677feeb0:   000001e1ed2f5880 000000a3677ff000
0x000000a3677feec0:   000001e1e802bf00 000000a3677feed0
0x000000a3677feed0:   000001e1ecc814a0 00007ffe3a2957b5
0x000000a3677feee0:   000000a3677fef00 000001e1993545db
0x000000a3677feef0:   0000000000190103 000001e1881666a0
0x000000a3677fef00:   000001e1e84d9588 00007ffdde5dfb17
0x000000a3677fef10:   000001e1993389d2 000001e19933ccbc
0x000000a3677fef20:   000001e1e84d9588 000001e1e84d9588
0x000000a3677fef30:   000001e1881666a0 000000a3677ff018
0x000000a3677fef40:   0000000000000000 000001e19933ce4b
0x000000a3677fef50:   000001e1e84d9588 000000a3677fefe0
0x000000a3677fef60:   000001e1e802bf08 000001e1993389d2
0x000000a3677fef70:   000000a3677ff008 000000a3677ff000 

Instructions: (pc=0x00007ffdde7dcea4)
0x00007ffdde7dcda4:   44 24 38 48 8b cb e8 51 2d 00 00 e9 ad 00 00 00
0x00007ffdde7dcdb4:   48 8d 05 9d 53 09 03 66 c7 44 24 58 03 01 48 8d
0x00007ffdde7dcdc4:   4c 24 60 48 89 44 24 38 e8 8f 9d e8 ff 48 8d 54
0x00007ffdde7dcdd4:   24 70 48 8d 4c 24 38 0f 10 00 0f 11 44 24 20 e8
0x00007ffdde7dcde4:   98 e3 7e 00 0f 10 44 24 20 4c 8d 44 24 20 48 8b
0x00007ffdde7dcdf4:   d0 48 8d 4c 24 30 0f 29 44 24 20 e8 5c 95 e8 ff
0x00007ffdde7dce04:   48 8b 94 24 88 00 00 00 48 83 fa 10 72 35 48 8b
0x00007ffdde7dce14:   4c 24 70 48 ff c2 48 8b c1 48 81 fa 00 10 00 00
0x00007ffdde7dce24:   72 1c 48 8b 49 f8 48 83 c2 27 48 2b c1 48 83 c0
0x00007ffdde7dce34:   f8 48 83 f8 1f 76 07 ff 15 2f 8d ec 02 cc e8 b9
0x00007ffdde7dce44:   fc e7 02 48 8b 4c 24 30 48 85 c9 0f 84 2e ff ff
0x00007ffdde7dce54:   ff 48 89 0b eb 07 48 c7 03 00 00 00 00 48 8b c3
0x00007ffdde7dce64:   48 8b 8c 24 90 00 00 00 48 33 cc e8 6c fc e7 02
0x00007ffdde7dce74:   48 8b 9c 24 c8 00 00 00 48 81 c4 a0 00 00 00 5f
0x00007ffdde7dce84:   c3 cc cc cc cc cc cc cc cc cc cc cc 48 89 5c 24
0x00007ffdde7dce94:   08 48 89 6c 24 10 48 89 74 24 18 57 48 83 ec 30
0x00007ffdde7dcea4:   49 0f be 40 08 48 8b f9 48 8d 0d 4d 31 d1 ff 41
0x00007ffdde7dceb4:   0f b6 e9 49 8b f0 48 8b da 8b 84 81 80 d1 2e 00
0x00007ffdde7dcec4:   48 03 c1 ff e0 48 8b 87 f8 00 00 00 40 84 ed 74
0x00007ffdde7dced4:   0a 0f b6 00 88 02 e9 cf 01 00 00 0f b6 40 01 88
0x00007ffdde7dcee4:   02 e9 c4 01 00 00 41 8b 50 08 48 8b cf c1 ea 08
0x00007ffdde7dcef4:   e8 27 0f 00 00 40 84 ed 74 08 0f b6 08 e9 a6 01
0x00007ffdde7dcf04:   00 00 0f b6 48 01 e9 9d 01 00 00 4d 8b 40 18 48
0x00007ffdde7dcf14:   8b cf e8 75 ff ff ff e9 8e 01 00 00 41 8b 40 08
0x00007ffdde7dcf24:   c1 e8 09 a8 01 74 15 40 84 ed 74 10 ba 01 00 00
0x00007ffdde7dcf34:   00 48 0f bd c2 34 3f e9 65 01 00 00 48 8b d6 48
0x00007ffdde7dcf44:   8b cf e8 45 11 00 00 40 84 ed 48 8d 8f d5 00 00
0x00007ffdde7dcf54:   00 48 8d 97 d4 00 00 00 48 0f 44 d1 0f b6 40 10
0x00007ffdde7dcf64:   0f b6 0a 3a c8 44 8b c1 44 0f 42 c0 44 88 03 e9
0x00007ffdde7dcf74:   36 01 00 00 41 8b 40 08 44 8b 57 48 4c 8b 4f 40
0x00007ffdde7dcf84:   c1 e8 08 45 85 d2 74 2f 45 8b c2 90 49 8b d0 48
0x00007ffdde7dcf94:   d1 ea 41 39 04 d1 49 8d 0c d1 73 13 4c 8d 49 08 


Stack slot to memory mapping:

stack at sp + 0 slots: 0x0 is null
stack at sp + 1 slots: 0x000000006c5f0000 is an unknown value
stack at sp + 2 slots: 0x4c5f6c61626f6c02 is an unknown value
stack at sp + 3 slots: 0x000000a3677fec90 is pointing into the stack for thread: 0x000001e1881666a0
stack at sp + 4 slots: 0x0 is null
stack at sp + 5 slots: 0x0 is null
stack at sp + 6 slots: 0x6e000500096d0005 is an unknown value
stack at sp + 7 slots: 0x00007ffdde7dcd21 jniLLVM.dll


---------------  P R O C E S S  ---------------

Threads class SMR info:
_java_thread_list=0x000001e1ed3e88c0, length=15, elements={
0x000001e1881666a0, 0x000001e1a6aac930, 0x000001e1a6aad640, 0x000001e1a6aaf200,
0x000001e1a6aafd30, 0x000001e1a6ab0a00, 0x000001e1a6ab9460, 0x000001e1a6abf6f0,
0x000001e1a6ac2190, 0x000001e1ec0a6130, 0x000001e1ec265070, 0x000001e1ec2a9050,
0x000001e1ec2d95e0, 0x000001e1ec2d9c40, 0x000001e1ecc1f930
}

Java Threads: ( => current thread )
=>0x000001e1881666a0 JavaThread "main"                              [_thread_in_native, id=16572, stack(0x000000a367700000,0x000000a367800000) (1024K)]
  0x000001e1a6aac930 JavaThread "Reference Handler"          daemon [_thread_blocked, id=17272, stack(0x000000a367f00000,0x000000a368000000) (1024K)]
  0x000001e1a6aad640 JavaThread "Finalizer"                  daemon [_thread_blocked, id=1244, stack(0x000000a368000000,0x000000a368100000) (1024K)]
  0x000001e1a6aaf200 JavaThread "Signal Dispatcher"          daemon [_thread_blocked, id=8860, stack(0x000000a368100000,0x000000a368200000) (1024K)]
  0x000001e1a6aafd30 JavaThread "Attach Listener"            daemon [_thread_blocked, id=3760, stack(0x000000a368200000,0x000000a368300000) (1024K)]
  0x000001e1a6ab0a00 JavaThread "Service Thread"             daemon [_thread_blocked, id=14284, stack(0x000000a368300000,0x000000a368400000) (1024K)]
  0x000001e1a6ab9460 JavaThread "Monitor Deflation Thread"   daemon [_thread_blocked, id=15056, stack(0x000000a368400000,0x000000a368500000) (1024K)]
  0x000001e1a6abf6f0 JavaThread "C2 CompilerThread0"         daemon [_thread_blocked, id=9816, stack(0x000000a368500000,0x000000a368600000) (1024K)]
  0x000001e1a6ac2190 JavaThread "C1 CompilerThread0"         daemon [_thread_blocked, id=804, stack(0x000000a368600000,0x000000a368700000) (1024K)]
  0x000001e1ec0a6130 JavaThread "Common-Cleaner"             daemon [_thread_blocked, id=15760, stack(0x000000a368700000,0x000000a368800000) (1024K)]
  0x000001e1ec265070 JavaThread "C2 CompilerThread1"         daemon [_thread_blocked, id=1444, stack(0x000000a368800000,0x000000a368900000) (1024K)]
  0x000001e1ec2a9050 JavaThread "C2 CompilerThread2"         daemon [_thread_blocked, id=18328, stack(0x000000a368900000,0x000000a368a00000) (1024K)]
  0x000001e1ec2d95e0 JavaThread "Monitor Ctrl-Break"         daemon [_thread_in_native, id=16112, stack(0x000000a368a00000,0x000000a368b00000) (1024K)]
  0x000001e1ec2d9c40 JavaThread "Notification Thread"        daemon [_thread_blocked, id=6332, stack(0x000000a368b00000,0x000000a368c00000) (1024K)]
  0x000001e1ecc1f930 JavaThread "JavaCPP Deallocator"        daemon [_thread_blocked, id=17752, stack(0x000000a368f00000,0x000000a369000000) (1024K)]
Total: 15

Other Threads:
  0x000001e1a6a8dd40 VMThread "VM Thread"                           [id=13796, stack(0x000000a367e00000,0x000000a367f00000) (1024K)]
  0x000001e1a6a7d980 WatcherThread "VM Periodic Task Thread"        [id=18140, stack(0x000000a367d00000,0x000000a367e00000) (1024K)]
  0x000001e1881bc1c0 WorkerThread "GC Thread#0"                     [id=16204, stack(0x000000a367800000,0x000000a367900000) (1024K)]
  0x000001e1ecef61e0 WorkerThread "GC Thread#1"                     [id=17176, stack(0x000000a368c00000,0x000000a368d00000) (1024K)]
  0x000001e1ed587180 WorkerThread "GC Thread#2"                     [id=6084, stack(0x000000a368d00000,0x000000a368e00000) (1024K)]
  0x000001e1eccef360 WorkerThread "GC Thread#3"                     [id=1912, stack(0x000000a368e00000,0x000000a368f00000) (1024K)]
  0x000001e1881cce90 ConcurrentGCThread "G1 Main Marker"            [id=7404, stack(0x000000a367900000,0x000000a367a00000) (1024K)]
  0x000001e1881cd890 WorkerThread "G1 Conc#0"                       [id=16048, stack(0x000000a367a00000,0x000000a367b00000) (1024K)]
  0x000001e18822e3f0 ConcurrentGCThread "G1 Refine#0"               [id=16132, stack(0x000000a367b00000,0x000000a367c00000) (1024K)]
  0x000001e1a6940150 ConcurrentGCThread "G1 Service"                [id=3456, stack(0x000000a367c00000,0x000000a367d00000) (1024K)]
Total: 10

Threads with active compile tasks:
Total: 0

VM state: not at safepoint (normal execution)

VM Mutex/Monitor currently owned by a thread: None

Heap address: 0x0000000081e00000, size: 2018 MB, Compressed Oops mode: 32-bit

CDS archive(s) mapped at: [0x000001e1a7000000-0x000001e1a7c90000-0x000001e1a7c90000), size 13172736, SharedBaseAddress: 0x000001e1a7000000, ArchiveRelocationMode: 1.
Compressed class space mapped at: 0x000001e1a8000000-0x000001e1e8000000, reserved size: 1073741824
Narrow klass base: 0x000001e1a7000000, Narrow klass shift: 0, Narrow klass range: 0x100000000

GC Precious Log:
 CardTable entry size: 512
 Card Set container configuration: InlinePtr #cards 5 size 8 Array Of Cards #cards 12 size 40 Howl #buckets 4 coarsen threshold 1843 Howl Bitmap #cards 512 size 80 coarsen threshold 460 Card regions per heap region 1 cards per card region 2048
 CPUs: 8 total, 8 available
 Memory: 8066M
 Large Page Support: Disabled
 NUMA Support: Disabled
 Compressed Oops: Enabled (32-bit)
 Heap Region Size: 1M
 Heap Min Capacity: 8M
 Heap Initial Capacity: 128M
 Heap Max Capacity: 2018M
 Pre-touch: Disabled
 Parallel Workers: 8
 Concurrent Workers: 2
 Concurrent Refinement Workers: 8
 Periodic GC: Disabled

Heap:
 garbage-first heap   total 131072K, used 19333K [0x0000000081e00000, 0x0000000100000000)
  region size 1024K, 17 young (17408K), 3 survivors (3072K)
 Metaspace       used 4498K, committed 4672K, reserved 1114112K
  class space    used 437K, committed 512K, reserved 1048576K

Heap Regions: E=young(eden), S=young(survivor), O=old, HS=humongous(starts), HC=humongous(continues), CS=collection set, F=free, TAMS=top-at-mark-start, PB=parsable bottom
|   0|0x0000000081e00000, 0x0000000081f00000, 0x0000000081f00000|100%|HS|  |TAMS 0x0000000081e00000| PB 0x0000000081e00000| Complete 
|   1|0x0000000081f00000, 0x0000000082000000, 0x0000000082000000|100%| O|  |TAMS 0x0000000081f00000| PB 0x0000000081f00000| Untracked 
|   2|0x0000000082000000, 0x0000000082100000, 0x0000000082100000|100%| O|  |TAMS 0x0000000082000000| PB 0x0000000082000000| Untracked 
|   3|0x0000000082100000, 0x0000000082115540, 0x0000000082200000|  8%| O|  |TAMS 0x0000000082100000| PB 0x0000000082100000| Untracked 
|   4|0x0000000082200000, 0x0000000082200000, 0x0000000082300000|  0%| F|  |TAMS 0x0000000082200000| PB 0x0000000082200000| Untracked 
|   5|0x0000000082300000, 0x0000000082300000, 0x0000000082400000|  0%| F|  |TAMS 0x0000000082300000| PB 0x0000000082300000| Untracked 
|   6|0x0000000082400000, 0x0000000082400000, 0x0000000082500000|  0%| F|  |TAMS 0x0000000082400000| PB 0x0000000082400000| Untracked 
|   7|0x0000000082500000, 0x0000000082500000, 0x0000000082600000|  0%| F|  |TAMS 0x0000000082500000| PB 0x0000000082500000| Untracked 
|   8|0x0000000082600000, 0x0000000082600000, 0x0000000082700000|  0%| F|  |TAMS 0x0000000082600000| PB 0x0000000082600000| Untracked 
|   9|0x0000000082700000, 0x0000000082700000, 0x0000000082800000|  0%| F|  |TAMS 0x0000000082700000| PB 0x0000000082700000| Untracked 
|  10|0x0000000082800000, 0x0000000082800000, 0x0000000082900000|  0%| F|  |TAMS 0x0000000082800000| PB 0x0000000082800000| Untracked 
|  11|0x0000000082900000, 0x0000000082900000, 0x0000000082a00000|  0%| F|  |TAMS 0x0000000082900000| PB 0x0000000082900000| Untracked 
|  12|0x0000000082a00000, 0x0000000082a00000, 0x0000000082b00000|  0%| F|  |TAMS 0x0000000082a00000| PB 0x0000000082a00000| Untracked 
|  13|0x0000000082b00000, 0x0000000082b00000, 0x0000000082c00000|  0%| F|  |TAMS 0x0000000082b00000| PB 0x0000000082b00000| Untracked 
|  14|0x0000000082c00000, 0x0000000082c00000, 0x0000000082d00000|  0%| F|  |TAMS 0x0000000082c00000| PB 0x0000000082c00000| Untracked 
|  15|0x0000000082d00000, 0x0000000082d00000, 0x0000000082e00000|  0%| F|  |TAMS 0x0000000082d00000| PB 0x0000000082d00000| Untracked 
|  16|0x0000000082e00000, 0x0000000082e00000, 0x0000000082f00000|  0%| F|  |TAMS 0x0000000082e00000| PB 0x0000000082e00000| Untracked 
|  17|0x0000000082f00000, 0x0000000082f00000, 0x0000000083000000|  0%| F|  |TAMS 0x0000000082f00000| PB 0x0000000082f00000| Untracked 
|  18|0x0000000083000000, 0x0000000083000000, 0x0000000083100000|  0%| F|  |TAMS 0x0000000083000000| PB 0x0000000083000000| Untracked 
|  19|0x0000000083100000, 0x0000000083100000, 0x0000000083200000|  0%| F|  |TAMS 0x0000000083100000| PB 0x0000000083100000| Untracked 
|  20|0x0000000083200000, 0x0000000083200000, 0x0000000083300000|  0%| F|  |TAMS 0x0000000083200000| PB 0x0000000083200000| Untracked 
|  21|0x0000000083300000, 0x0000000083300000, 0x0000000083400000|  0%| F|  |TAMS 0x0000000083300000| PB 0x0000000083300000| Untracked 
|  22|0x0000000083400000, 0x0000000083400000, 0x0000000083500000|  0%| F|  |TAMS 0x0000000083400000| PB 0x0000000083400000| Untracked 
|  23|0x0000000083500000, 0x0000000083500000, 0x0000000083600000|  0%| F|  |TAMS 0x0000000083500000| PB 0x0000000083500000| Untracked 
|  24|0x0000000083600000, 0x0000000083600000, 0x0000000083700000|  0%| F|  |TAMS 0x0000000083600000| PB 0x0000000083600000| Untracked 
|  25|0x0000000083700000, 0x0000000083700000, 0x0000000083800000|  0%| F|  |TAMS 0x0000000083700000| PB 0x0000000083700000| Untracked 
|  26|0x0000000083800000, 0x0000000083800000, 0x0000000083900000|  0%| F|  |TAMS 0x0000000083800000| PB 0x0000000083800000| Untracked 
|  27|0x0000000083900000, 0x0000000083900000, 0x0000000083a00000|  0%| F|  |TAMS 0x0000000083900000| PB 0x0000000083900000| Untracked 
|  28|0x0000000083a00000, 0x0000000083a00000, 0x0000000083b00000|  0%| F|  |TAMS 0x0000000083a00000| PB 0x0000000083a00000| Untracked 
|  29|0x0000000083b00000, 0x0000000083b00000, 0x0000000083c00000|  0%| F|  |TAMS 0x0000000083b00000| PB 0x0000000083b00000| Untracked 
|  30|0x0000000083c00000, 0x0000000083c00000, 0x0000000083d00000|  0%| F|  |TAMS 0x0000000083c00000| PB 0x0000000083c00000| Untracked 
|  31|0x0000000083d00000, 0x0000000083d00000, 0x0000000083e00000|  0%| F|  |TAMS 0x0000000083d00000| PB 0x0000000083d00000| Untracked 
|  32|0x0000000083e00000, 0x0000000083e00000, 0x0000000083f00000|  0%| F|  |TAMS 0x0000000083e00000| PB 0x0000000083e00000| Untracked 
|  33|0x0000000083f00000, 0x0000000083f00000, 0x0000000084000000|  0%| F|  |TAMS 0x0000000083f00000| PB 0x0000000083f00000| Untracked 
|  34|0x0000000084000000, 0x0000000084000000, 0x0000000084100000|  0%| F|  |TAMS 0x0000000084000000| PB 0x0000000084000000| Untracked 
|  35|0x0000000084100000, 0x0000000084100000, 0x0000000084200000|  0%| F|  |TAMS 0x0000000084100000| PB 0x0000000084100000| Untracked 
|  36|0x0000000084200000, 0x0000000084200000, 0x0000000084300000|  0%| F|  |TAMS 0x0000000084200000| PB 0x0000000084200000| Untracked 
|  37|0x0000000084300000, 0x0000000084300000, 0x0000000084400000|  0%| F|  |TAMS 0x0000000084300000| PB 0x0000000084300000| Untracked 
|  38|0x0000000084400000, 0x0000000084400000, 0x0000000084500000|  0%| F|  |TAMS 0x0000000084400000| PB 0x0000000084400000| Untracked 
|  39|0x0000000084500000, 0x0000000084500000, 0x0000000084600000|  0%| F|  |TAMS 0x0000000084500000| PB 0x0000000084500000| Untracked 
|  40|0x0000000084600000, 0x0000000084600000, 0x0000000084700000|  0%| F|  |TAMS 0x0000000084600000| PB 0x0000000084600000| Untracked 
|  41|0x0000000084700000, 0x0000000084700000, 0x0000000084800000|  0%| F|  |TAMS 0x0000000084700000| PB 0x0000000084700000| Untracked 
|  42|0x0000000084800000, 0x0000000084800000, 0x0000000084900000|  0%| F|  |TAMS 0x0000000084800000| PB 0x0000000084800000| Untracked 
|  43|0x0000000084900000, 0x0000000084900000, 0x0000000084a00000|  0%| F|  |TAMS 0x0000000084900000| PB 0x0000000084900000| Untracked 
|  44|0x0000000084a00000, 0x0000000084a00000, 0x0000000084b00000|  0%| F|  |TAMS 0x0000000084a00000| PB 0x0000000084a00000| Untracked 
|  45|0x0000000084b00000, 0x0000000084b00000, 0x0000000084c00000|  0%| F|  |TAMS 0x0000000084b00000| PB 0x0000000084b00000| Untracked 
|  46|0x0000000084c00000, 0x0000000084c00000, 0x0000000084d00000|  0%| F|  |TAMS 0x0000000084c00000| PB 0x0000000084c00000| Untracked 
|  47|0x0000000084d00000, 0x0000000084d00000, 0x0000000084e00000|  0%| F|  |TAMS 0x0000000084d00000| PB 0x0000000084d00000| Untracked 
|  48|0x0000000084e00000, 0x0000000084e00000, 0x0000000084f00000|  0%| F|  |TAMS 0x0000000084e00000| PB 0x0000000084e00000| Untracked 
|  49|0x0000000084f00000, 0x0000000084f00000, 0x0000000085000000|  0%| F|  |TAMS 0x0000000084f00000| PB 0x0000000084f00000| Untracked 
|  50|0x0000000085000000, 0x0000000085000000, 0x0000000085100000|  0%| F|  |TAMS 0x0000000085000000| PB 0x0000000085000000| Untracked 
|  51|0x0000000085100000, 0x0000000085100000, 0x0000000085200000|  0%| F|  |TAMS 0x0000000085100000| PB 0x0000000085100000| Untracked 
|  52|0x0000000085200000, 0x0000000085200000, 0x0000000085300000|  0%| F|  |TAMS 0x0000000085200000| PB 0x0000000085200000| Untracked 
|  53|0x0000000085300000, 0x0000000085300000, 0x0000000085400000|  0%| F|  |TAMS 0x0000000085300000| PB 0x0000000085300000| Untracked 
|  54|0x0000000085400000, 0x0000000085400000, 0x0000000085500000|  0%| F|  |TAMS 0x0000000085400000| PB 0x0000000085400000| Untracked 
|  55|0x0000000085500000, 0x0000000085500000, 0x0000000085600000|  0%| F|  |TAMS 0x0000000085500000| PB 0x0000000085500000| Untracked 
|  56|0x0000000085600000, 0x0000000085600000, 0x0000000085700000|  0%| F|  |TAMS 0x0000000085600000| PB 0x0000000085600000| Untracked 
|  57|0x0000000085700000, 0x0000000085700000, 0x0000000085800000|  0%| F|  |TAMS 0x0000000085700000| PB 0x0000000085700000| Untracked 
|  58|0x0000000085800000, 0x0000000085800000, 0x0000000085900000|  0%| F|  |TAMS 0x0000000085800000| PB 0x0000000085800000| Untracked 
|  59|0x0000000085900000, 0x0000000085900000, 0x0000000085a00000|  0%| F|  |TAMS 0x0000000085900000| PB 0x0000000085900000| Untracked 
|  60|0x0000000085a00000, 0x0000000085a00000, 0x0000000085b00000|  0%| F|  |TAMS 0x0000000085a00000| PB 0x0000000085a00000| Untracked 
|  61|0x0000000085b00000, 0x0000000085b00000, 0x0000000085c00000|  0%| F|  |TAMS 0x0000000085b00000| PB 0x0000000085b00000| Untracked 
|  62|0x0000000085c00000, 0x0000000085c00000, 0x0000000085d00000|  0%| F|  |TAMS 0x0000000085c00000| PB 0x0000000085c00000| Untracked 
|  63|0x0000000085d00000, 0x0000000085d00000, 0x0000000085e00000|  0%| F|  |TAMS 0x0000000085d00000| PB 0x0000000085d00000| Untracked 
|  64|0x0000000085e00000, 0x0000000085e00000, 0x0000000085f00000|  0%| F|  |TAMS 0x0000000085e00000| PB 0x0000000085e00000| Untracked 
|  65|0x0000000085f00000, 0x0000000085f00000, 0x0000000086000000|  0%| F|  |TAMS 0x0000000085f00000| PB 0x0000000085f00000| Untracked 
|  66|0x0000000086000000, 0x0000000086000000, 0x0000000086100000|  0%| F|  |TAMS 0x0000000086000000| PB 0x0000000086000000| Untracked 
|  67|0x0000000086100000, 0x0000000086100000, 0x0000000086200000|  0%| F|  |TAMS 0x0000000086100000| PB 0x0000000086100000| Untracked 
|  68|0x0000000086200000, 0x0000000086200000, 0x0000000086300000|  0%| F|  |TAMS 0x0000000086200000| PB 0x0000000086200000| Untracked 
|  69|0x0000000086300000, 0x0000000086300000, 0x0000000086400000|  0%| F|  |TAMS 0x0000000086300000| PB 0x0000000086300000| Untracked 
|  70|0x0000000086400000, 0x0000000086400000, 0x0000000086500000|  0%| F|  |TAMS 0x0000000086400000| PB 0x0000000086400000| Untracked 
|  71|0x0000000086500000, 0x0000000086500000, 0x0000000086600000|  0%| F|  |TAMS 0x0000000086500000| PB 0x0000000086500000| Untracked 
|  72|0x0000000086600000, 0x0000000086600000, 0x0000000086700000|  0%| F|  |TAMS 0x0000000086600000| PB 0x0000000086600000| Untracked 
|  73|0x0000000086700000, 0x0000000086700000, 0x0000000086800000|  0%| F|  |TAMS 0x0000000086700000| PB 0x0000000086700000| Untracked 
|  74|0x0000000086800000, 0x0000000086800000, 0x0000000086900000|  0%| F|  |TAMS 0x0000000086800000| PB 0x0000000086800000| Untracked 
|  75|0x0000000086900000, 0x0000000086900000, 0x0000000086a00000|  0%| F|  |TAMS 0x0000000086900000| PB 0x0000000086900000| Untracked 
|  76|0x0000000086a00000, 0x0000000086a00000, 0x0000000086b00000|  0%| F|  |TAMS 0x0000000086a00000| PB 0x0000000086a00000| Untracked 
|  77|0x0000000086b00000, 0x0000000086b00000, 0x0000000086c00000|  0%| F|  |TAMS 0x0000000086b00000| PB 0x0000000086b00000| Untracked 
|  78|0x0000000086c00000, 0x0000000086c00000, 0x0000000086d00000|  0%| F|  |TAMS 0x0000000086c00000| PB 0x0000000086c00000| Untracked 
|  79|0x0000000086d00000, 0x0000000086d00000, 0x0000000086e00000|  0%| F|  |TAMS 0x0000000086d00000| PB 0x0000000086d00000| Untracked 
|  80|0x0000000086e00000, 0x0000000086e00000, 0x0000000086f00000|  0%| F|  |TAMS 0x0000000086e00000| PB 0x0000000086e00000| Untracked 
|  81|0x0000000086f00000, 0x0000000086f00000, 0x0000000087000000|  0%| F|  |TAMS 0x0000000086f00000| PB 0x0000000086f00000| Untracked 
|  82|0x0000000087000000, 0x0000000087000000, 0x0000000087100000|  0%| F|  |TAMS 0x0000000087000000| PB 0x0000000087000000| Untracked 
|  83|0x0000000087100000, 0x0000000087100000, 0x0000000087200000|  0%| F|  |TAMS 0x0000000087100000| PB 0x0000000087100000| Untracked 
|  84|0x0000000087200000, 0x0000000087200000, 0x0000000087300000|  0%| F|  |TAMS 0x0000000087200000| PB 0x0000000087200000| Untracked 
|  85|0x0000000087300000, 0x0000000087300000, 0x0000000087400000|  0%| F|  |TAMS 0x0000000087300000| PB 0x0000000087300000| Untracked 
|  86|0x0000000087400000, 0x0000000087400000, 0x0000000087500000|  0%| F|  |TAMS 0x0000000087400000| PB 0x0000000087400000| Untracked 
|  87|0x0000000087500000, 0x0000000087500000, 0x0000000087600000|  0%| F|  |TAMS 0x0000000087500000| PB 0x0000000087500000| Untracked 
|  88|0x0000000087600000, 0x0000000087600000, 0x0000000087700000|  0%| F|  |TAMS 0x0000000087600000| PB 0x0000000087600000| Untracked 
|  89|0x0000000087700000, 0x00000000877cbf70, 0x0000000087800000| 79%| S|CS|TAMS 0x0000000087700000| PB 0x0000000087700000| Complete 
|  90|0x0000000087800000, 0x0000000087900000, 0x0000000087900000|100%| S|CS|TAMS 0x0000000087800000| PB 0x0000000087800000| Complete 
|  91|0x0000000087900000, 0x0000000087a00000, 0x0000000087a00000|100%| S|CS|TAMS 0x0000000087900000| PB 0x0000000087900000| Complete 
|  92|0x0000000087a00000, 0x0000000087a00000, 0x0000000087b00000|  0%| F|  |TAMS 0x0000000087a00000| PB 0x0000000087a00000| Untracked 
|  93|0x0000000087b00000, 0x0000000087b00000, 0x0000000087c00000|  0%| F|  |TAMS 0x0000000087b00000| PB 0x0000000087b00000| Untracked 
|  94|0x0000000087c00000, 0x0000000087c00000, 0x0000000087d00000|  0%| F|  |TAMS 0x0000000087c00000| PB 0x0000000087c00000| Untracked 
|  95|0x0000000087d00000, 0x0000000087d00000, 0x0000000087e00000|  0%| F|  |TAMS 0x0000000087d00000| PB 0x0000000087d00000| Untracked 
|  96|0x0000000087e00000, 0x0000000087e00000, 0x0000000087f00000|  0%| F|  |TAMS 0x0000000087e00000| PB 0x0000000087e00000| Untracked 
|  97|0x0000000087f00000, 0x0000000087f00000, 0x0000000088000000|  0%| F|  |TAMS 0x0000000087f00000| PB 0x0000000087f00000| Untracked 
|  98|0x0000000088000000, 0x0000000088000000, 0x0000000088100000|  0%| F|  |TAMS 0x0000000088000000| PB 0x0000000088000000| Untracked 
|  99|0x0000000088100000, 0x0000000088100000, 0x0000000088200000|  0%| F|  |TAMS 0x0000000088100000| PB 0x0000000088100000| Untracked 
| 100|0x0000000088200000, 0x0000000088200000, 0x0000000088300000|  0%| F|  |TAMS 0x0000000088200000| PB 0x0000000088200000| Untracked 
| 101|0x0000000088300000, 0x0000000088300000, 0x0000000088400000|  0%| F|  |TAMS 0x0000000088300000| PB 0x0000000088300000| Untracked 
| 102|0x0000000088400000, 0x0000000088400000, 0x0000000088500000|  0%| F|  |TAMS 0x0000000088400000| PB 0x0000000088400000| Untracked 
| 103|0x0000000088500000, 0x0000000088500000, 0x0000000088600000|  0%| F|  |TAMS 0x0000000088500000| PB 0x0000000088500000| Untracked 
| 104|0x0000000088600000, 0x0000000088600000, 0x0000000088700000|  0%| F|  |TAMS 0x0000000088600000| PB 0x0000000088600000| Untracked 
| 105|0x0000000088700000, 0x0000000088700000, 0x0000000088800000|  0%| F|  |TAMS 0x0000000088700000| PB 0x0000000088700000| Untracked 
| 106|0x0000000088800000, 0x0000000088800000, 0x0000000088900000|  0%| F|  |TAMS 0x0000000088800000| PB 0x0000000088800000| Untracked 
| 107|0x0000000088900000, 0x0000000088900000, 0x0000000088a00000|  0%| F|  |TAMS 0x0000000088900000| PB 0x0000000088900000| Untracked 
| 108|0x0000000088a00000, 0x0000000088a00000, 0x0000000088b00000|  0%| F|  |TAMS 0x0000000088a00000| PB 0x0000000088a00000| Untracked 
| 109|0x0000000088b00000, 0x0000000088b00000, 0x0000000088c00000|  0%| F|  |TAMS 0x0000000088b00000| PB 0x0000000088b00000| Untracked 
| 110|0x0000000088c00000, 0x0000000088c00000, 0x0000000088d00000|  0%| F|  |TAMS 0x0000000088c00000| PB 0x0000000088c00000| Untracked 
| 111|0x0000000088d00000, 0x0000000088d00000, 0x0000000088e00000|  0%| F|  |TAMS 0x0000000088d00000| PB 0x0000000088d00000| Untracked 
| 112|0x0000000088e00000, 0x0000000088e00000, 0x0000000088f00000|  0%| F|  |TAMS 0x0000000088e00000| PB 0x0000000088e00000| Untracked 
| 113|0x0000000088f00000, 0x0000000088f00000, 0x0000000089000000|  0%| F|  |TAMS 0x0000000088f00000| PB 0x0000000088f00000| Untracked 
| 114|0x0000000089000000, 0x0000000089100000, 0x0000000089100000|100%| E|  |TAMS 0x0000000089000000| PB 0x0000000089000000| Complete 
| 115|0x0000000089100000, 0x0000000089200000, 0x0000000089200000|100%| E|CS|TAMS 0x0000000089100000| PB 0x0000000089100000| Complete 
| 116|0x0000000089200000, 0x0000000089300000, 0x0000000089300000|100%| E|CS|TAMS 0x0000000089200000| PB 0x0000000089200000| Complete 
| 117|0x0000000089300000, 0x0000000089400000, 0x0000000089400000|100%| E|CS|TAMS 0x0000000089300000| PB 0x0000000089300000| Complete 
| 118|0x0000000089400000, 0x0000000089500000, 0x0000000089500000|100%| E|CS|TAMS 0x0000000089400000| PB 0x0000000089400000| Complete 
| 119|0x0000000089500000, 0x0000000089600000, 0x0000000089600000|100%| E|CS|TAMS 0x0000000089500000| PB 0x0000000089500000| Complete 
| 120|0x0000000089600000, 0x0000000089700000, 0x0000000089700000|100%| E|CS|TAMS 0x0000000089600000| PB 0x0000000089600000| Complete 
| 121|0x0000000089700000, 0x0000000089800000, 0x0000000089800000|100%| E|CS|TAMS 0x0000000089700000| PB 0x0000000089700000| Complete 
| 122|0x0000000089800000, 0x0000000089900000, 0x0000000089900000|100%| E|CS|TAMS 0x0000000089800000| PB 0x0000000089800000| Complete 
| 123|0x0000000089900000, 0x0000000089a00000, 0x0000000089a00000|100%| E|CS|TAMS 0x0000000089900000| PB 0x0000000089900000| Complete 
| 124|0x0000000089a00000, 0x0000000089b00000, 0x0000000089b00000|100%| E|CS|TAMS 0x0000000089a00000| PB 0x0000000089a00000| Complete 
| 125|0x0000000089b00000, 0x0000000089c00000, 0x0000000089c00000|100%| E|CS|TAMS 0x0000000089b00000| PB 0x0000000089b00000| Complete 
| 126|0x0000000089c00000, 0x0000000089d00000, 0x0000000089d00000|100%| E|CS|TAMS 0x0000000089c00000| PB 0x0000000089c00000| Complete 
| 127|0x0000000089d00000, 0x0000000089e00000, 0x0000000089e00000|100%| E|CS|TAMS 0x0000000089d00000| PB 0x0000000089d00000| Complete 

Card table byte_map: [0x000001e1a1c60000,0x000001e1a2060000] _byte_map_base: 0x000001e1a1851000

Marking Bits: (CMBitMap*) 0x000001e1881bc7c0
 Bits: [0x000001e1a2060000, 0x000001e1a3fe8000)

Polling page: 0x000001e188230000

Metaspace:

Usage:
  Non-class:      3.97 MB used.
      Class:    437.04 KB used.
       Both:      4.39 MB used.

Virtual space:
  Non-class space:       64.00 MB reserved,       4.06 MB (  6%) committed,  1 nodes.
      Class space:        1.00 GB reserved,     512.00 KB ( <1%) committed,  1 nodes.
             Both:        1.06 GB reserved,       4.56 MB ( <1%) committed. 

Chunk freelists:
   Non-Class:  10.16 MB
       Class:  15.48 MB
        Both:  25.64 MB

MaxMetaspaceSize: unlimited
CompressedClassSpaceSize: 1.00 GB
Initial GC threshold: 21.00 MB
Current GC threshold: 21.00 MB
CDS: on
 - commit_granule_bytes: 65536.
 - commit_granule_words: 8192.
 - virtual_space_node_default_size: 8388608.
 - enlarge_chunks_in_place: 1.
 - use_allocation_guard: 0.


Internal statistics:

num_allocs_failed_limit: 0.
num_arena_births: 78.
num_arena_deaths: 0.
num_vsnodes_births: 2.
num_vsnodes_deaths: 0.
num_space_committed: 73.
num_space_uncommitted: 0.
num_chunks_returned_to_freelist: 0.
num_chunks_taken_from_freelist: 175.
num_chunk_merges: 0.
num_chunk_splits: 120.
num_chunks_enlarged: 80.
num_inconsistent_stats: 0.

CodeHeap 'non-profiled nmethods': size=120000Kb used=772Kb max_used=772Kb free=119227Kb
 bounds [0x000001e1998d0000, 0x000001e199b40000, 0x000001e1a0e00000]
CodeHeap 'profiled nmethods': size=120000Kb used=1950Kb max_used=1950Kb free=118049Kb
 bounds [0x000001e191e00000, 0x000001e192070000, 0x000001e199330000]
CodeHeap 'non-nmethods': size=5760Kb used=1407Kb max_used=1423Kb free=4353Kb
 bounds [0x000001e199330000, 0x000001e1995a0000, 0x000001e1998d0000]
 total_blobs=1694 nmethods=1193 adapters=406
 compilation: enabled
              stopped_count=0, restarted_count=0
 full_count=0

Compilation events (20 events):
Event: 0.928 Thread 0x000001e1a6ac2190 nmethod 1073 0x000001e191fb8b90 code [0x000001e191fb8e20, 0x000001e191fb96e0]
Event: 0.928 Thread 0x000001e1a6ac2190 1068       3       jdk.internal.org.objectweb.asm.Frame::getLocal (46 bytes)
Event: 0.928 Thread 0x000001e1a6ac2190 nmethod 1068 0x000001e191fb9c10 code [0x000001e191fb9dc0, 0x000001e191fb9fe0]
Event: 0.928 Thread 0x000001e1a6ac2190 1074       3       jdk.internal.org.objectweb.asm.SymbolTable::hash (20 bytes)
Event: 0.928 Thread 0x000001e1a6ac2190 nmethod 1074 0x000001e191fba090 code [0x000001e191fba240, 0x000001e191fba400]
Event: 0.928 Thread 0x000001e1a6ac2190 1078       3       java.lang.String::<init> (99 bytes)
Event: 0.929 Thread 0x000001e1a6ac2190 nmethod 1078 0x000001e191fba590 code [0x000001e191fba980, 0x000001e191fbc418]
Event: 0.929 Thread 0x000001e1a6ac2190 1079       3       java.lang.invoke.LambdaForm$Name::useCount (51 bytes)
Event: 0.929 Thread 0x000001e1a6ac2190 nmethod 1079 0x000001e191fbcc90 code [0x000001e191fbce40, 0x000001e191fbd0a8]
Event: 0.929 Thread 0x000001e1a6ac2190 1072       3       java.lang.invoke.LambdaForm::parameter (38 bytes)
Event: 0.929 Thread 0x000001e1a6ac2190 nmethod 1072 0x000001e191fbd190 code [0x000001e191fbd320, 0x000001e191fbd468]
Event: 0.929 Thread 0x000001e1a6ac2190 1063       3       jdk.internal.org.objectweb.asm.SymbolTable::addConstantMethodref (24 bytes)
Event: 0.929 Thread 0x000001e1a6ac2190 nmethod 1063 0x000001e191fbd510 code [0x000001e191fbd6c0, 0x000001e191fbd868]
Event: 0.929 Thread 0x000001e1a6ac2190 1080       3       java.lang.invoke.LambdaForm$NamedFunction::methodType (28 bytes)
Event: 0.929 Thread 0x000001e1a6ac2190 nmethod 1080 0x000001e191fbd910 code [0x000001e191fbdac0, 0x000001e191fbdde0]
Event: 0.929 Thread 0x000001e1a6ac2190 1076       1       java.lang.invoke.DirectMethodHandle::internalMemberName (5 bytes)
Event: 0.929 Thread 0x000001e1a6ac2190 nmethod 1076 0x000001e199988090 code [0x000001e199988220, 0x000001e1999882e8]
Event: 0.929 Thread 0x000001e1a6abf6f0 nmethod 1017 0x000001e199988390 code [0x000001e199988540, 0x000001e199988ba8]
Event: 0.933 Thread 0x000001e1a6ac2190 1081       3       java.lang.StringConcatHelper::prepend (37 bytes)
Event: 0.933 Thread 0x000001e1a6ac2190 nmethod 1081 0x000001e191fbdf10 code [0x000001e191fbe0e0, 0x000001e191fbe3a8]

GC Heap History (4 events):
Event: 0.408 GC heap before
{Heap before GC invocations=0 (full 0):
 garbage-first heap   total 131072K, used 23552K [0x0000000081e00000, 0x0000000100000000)
  region size 1024K, 23 young (23552K), 0 survivors (0K)
 Metaspace       used 3181K, committed 3392K, reserved 1114112K
  class space    used 277K, committed 384K, reserved 1048576K
}
Event: 0.411 GC heap after
{Heap after GC invocations=1 (full 0):
 garbage-first heap   total 131072K, used 6229K [0x0000000081e00000, 0x0000000100000000)
  region size 1024K, 3 young (3072K), 3 survivors (3072K)
 Metaspace       used 3181K, committed 3392K, reserved 1114112K
  class space    used 277K, committed 384K, reserved 1048576K
}
Event: 0.776 GC heap before
{Heap before GC invocations=1 (full 0):
 garbage-first heap   total 131072K, used 40021K [0x0000000081e00000, 0x0000000100000000)
  region size 1024K, 36 young (36864K), 3 survivors (3072K)
 Metaspace       used 3206K, committed 3392K, reserved 1114112K
  class space    used 277K, committed 384K, reserved 1048576K
}
Event: 0.778 GC heap after
{Heap after GC invocations=2 (full 0):
 garbage-first heap   total 131072K, used 6021K [0x0000000081e00000, 0x0000000100000000)
  region size 1024K, 3 young (3072K), 3 survivors (3072K)
 Metaspace       used 3206K, committed 3392K, reserved 1114112K
  class space    used 277K, committed 384K, reserved 1048576K
}

Dll operation events (20 events):
Event: 0.593 Loaded shared library C:\Program Files\Java\jdk-21\bin\api-ms-win-core-processthreads-l1-1-1.dll
Event: 0.606 Loaded shared library C:\Program Files\Java\jdk-21\bin\api-ms-win-core-file-l1-2-0.dll
Event: 0.624 Loaded shared library C:\Program Files\Java\jdk-21\bin\api-ms-win-core-profile-l1-1-0.dll
Event: 0.639 Loaded shared library C:\Program Files\Java\jdk-21\bin\api-ms-win-core-memory-l1-1-0.dll
Event: 0.653 Loaded shared library C:\Program Files\Java\jdk-21\bin\api-ms-win-core-util-l1-1-0.dll
Event: 0.667 Loaded shared library C:\Program Files\Java\jdk-21\bin\api-ms-win-core-interlocked-l1-1-0.dll
Event: 0.682 Loaded shared library C:\Program Files\Java\jdk-21\bin\ucrtbase.dll
Event: 0.695 Loaded shared library C:\Program Files\Java\jdk-21\bin\vcruntime140.dll
Event: 0.711 Loaded shared library C:\Program Files\Java\jdk-21\bin\vcruntime140_1.dll
Event: 0.724 Loaded shared library C:\Program Files\Java\jdk-21\bin\msvcp140.dll
Event: 0.738 Loaded shared library C:\Windows\System32\msvcp140_1.dll
Event: 0.754 Loaded shared library C:\Windows\System32\concrt140.dll
Event: 0.768 Loaded shared library C:\Windows\System32\vcomp140.dll
Event: 0.801 Loaded shared library C:\Windows\System32\libomp140.x86_64.dll
Event: 0.812 Loaded shared library C:\Users\Õ¿«¿–\.javacpp\cache\llvm-19.1.3-1.5.11-windows-x86_64.jar\org\bytedeco\llvm\windows-x86_64\ntdll.dll
Event: 0.823 Loaded shared library C:\Users\Õ¿«¿–\.javacpp\cache\llvm-19.1.3-1.5.11-windows-x86_64.jar\org\bytedeco\llvm\windows-x86_64\Ws2_32.dll
Event: 0.853 Loaded shared library C:\Users\Õ¿«¿–\.javacpp\cache\llvm-19.1.3-1.5.11-windows-x86_64.jar\org\bytedeco\llvm\windows-x86_64\LTO.dll
Event: 0.863 Loaded shared library C:\Users\Õ¿«¿–\.javacpp\cache\llvm-19.1.3-1.5.11-windows-x86_64.jar\org\bytedeco\llvm\windows-x86_64\Remarks.dll
Event: 0.876 Loaded shared library C:\Users\Õ¿«¿–\.javacpp\cache\llvm-19.1.3-1.5.11-windows-x86_64.jar\org\bytedeco\llvm\windows-x86_64\jniLLVM.dll
Event: 0.887 Loaded shared library C:\Users\Õ¿«¿–\.javacpp\cache\javacpp-1.5.11-windows-x86_64.jar\org\bytedeco\javacpp\windows-x86_64\jnijavacpp.dll

Deoptimization events (20 events):
Event: 0.920 Thread 0x000001e1881666a0 Uncommon trap: trap_request=0xffffff45 fr.pc=0x000001e199927024 relative=0x00000000000009a4
Event: 0.920 Thread 0x000001e1881666a0 Uncommon trap: reason=unstable_if action=reinterpret pc=0x000001e199927024 method=java.lang.String.<init>(Ljava/lang/AbstractStringBuilder;Ljava/lang/Void;)V @ 51 c2
Event: 0.920 Thread 0x000001e1881666a0 DEOPT PACKING pc=0x000001e199927024 sp=0x000000a3677fe0f0
Event: 0.920 Thread 0x000001e1881666a0 DEOPT UNPACKING pc=0x000001e1993846a2 sp=0x000000a3677fdfe8 mode 2
Event: 0.920 Thread 0x000001e1881666a0 Uncommon trap: trap_request=0xffffff45 fr.pc=0x000001e199928584 relative=0x0000000000000984
Event: 0.920 Thread 0x000001e1881666a0 Uncommon trap: reason=unstable_if action=reinterpret pc=0x000001e199928584 method=java.lang.String.<init>(Ljava/lang/AbstractStringBuilder;Ljava/lang/Void;)V @ 51 c2
Event: 0.920 Thread 0x000001e1881666a0 DEOPT PACKING pc=0x000001e199928584 sp=0x000000a3677fe050
Event: 0.920 Thread 0x000001e1881666a0 DEOPT UNPACKING pc=0x000001e1993846a2 sp=0x000000a3677fe000 mode 2
Event: 0.928 Thread 0x000001e1881666a0 Uncommon trap: trap_request=0xffffff45 fr.pc=0x000001e199933804 relative=0x00000000000001e4
Event: 0.928 Thread 0x000001e1881666a0 Uncommon trap: reason=unstable_if action=reinterpret pc=0x000001e199933804 method=java.lang.StringConcatHelper.prepend(J[BLjava/lang/String;)J @ 13 c2
Event: 0.928 Thread 0x000001e1881666a0 DEOPT PACKING pc=0x000001e199933804 sp=0x000000a3677fec90
Event: 0.928 Thread 0x000001e1881666a0 DEOPT UNPACKING pc=0x000001e1993846a2 sp=0x000000a3677fec60 mode 2
Event: 0.928 Thread 0x000001e1881666a0 Uncommon trap: trap_request=0xffffff45 fr.pc=0x000001e199947ef0 relative=0x00000000000000d0
Event: 0.928 Thread 0x000001e1881666a0 Uncommon trap: reason=unstable_if action=reinterpret pc=0x000001e199947ef0 method=java.lang.StringConcatHelper.newString([BJ)Ljava/lang/String; @ 3 c2
Event: 0.928 Thread 0x000001e1881666a0 DEOPT PACKING pc=0x000001e199947ef0 sp=0x000000a3677fee90
Event: 0.928 Thread 0x000001e1881666a0 DEOPT UNPACKING pc=0x000001e1993846a2 sp=0x000000a3677fee30 mode 2
Event: 0.928 Thread 0x000001e1881666a0 Uncommon trap: trap_request=0xffffff45 fr.pc=0x000001e1998ee74c relative=0x000000000000004c
Event: 0.928 Thread 0x000001e1881666a0 Uncommon trap: reason=unstable_if action=reinterpret pc=0x000001e1998ee74c method=java.lang.Character.isSurrogate(C)Z @ 3 c2
Event: 0.928 Thread 0x000001e1881666a0 DEOPT PACKING pc=0x000001e1998ee74c sp=0x000000a3677fe970
Event: 0.928 Thread 0x000001e1881666a0 DEOPT UNPACKING pc=0x000001e1993846a2 sp=0x000000a3677fe908 mode 2

Classes loaded (20 events):
Event: 0.264 Loading class java/util/regex/Pattern$SliceS
Event: 0.264 Loading class java/util/regex/Pattern$SliceS done
Event: 0.266 Loading class java/lang/InstantiationException
Event: 0.266 Loading class java/lang/InstantiationException done
Event: 0.266 Loading class java/util/Arrays$ArrayItr
Event: 0.266 Loading class java/util/Arrays$ArrayItr done
Event: 0.268 Loading class sun/nio/fs/WindowsLinkSupport
Event: 0.268 Loading class sun/nio/fs/WindowsLinkSupport done
Event: 0.272 Loading class jdk/internal/foreign/MemorySessionImpl
Event: 0.272 Loading class java/lang/foreign/MemorySegment$Scope
Event: 0.272 Loading class java/lang/foreign/MemorySegment$Scope done
Event: 0.272 Loading class jdk/internal/foreign/MemorySessionImpl done
Event: 0.812 Loading class sun/nio/cs/StringUTF16
Event: 0.812 Loading class sun/nio/cs/StringUTF16 done
Event: 0.883 Loading class java/lang/NumberFormatException
Event: 0.883 Loading class java/lang/NumberFormatException done
Event: 0.928 Loading class sun/nio/cs/Surrogate$Parser
Event: 0.929 Loading class sun/nio/cs/Surrogate$Parser done
Event: 0.929 Loading class sun/nio/cs/Surrogate
Event: 0.929 Loading class sun/nio/cs/Surrogate done

Classes unloaded (0 events):
No events

Classes redefined (0 events):
No events

Internal exceptions (8 events):
Event: 0.133 Thread 0x000001e1881666a0 Exception <a 'java/lang/NoSuchMethodError'{0x0000000089718548}: 'void java.lang.invoke.DirectMethodHandle$Holder.invokeStatic(java.lang.Object, java.lang.Object, java.lang.Object)'> (0x0000000089718548) 
thrown [s\open\src\hotspot\share\interpreter\linkResolver.cpp, line 773]
Event: 0.136 Thread 0x000001e1881666a0 Exception <a 'java/lang/NoSuchMethodError'{0x000000008972fbc0}: 'java.lang.Object java.lang.invoke.Invokers$Holder.invokeExact_MT(java.lang.Object, java.lang.Object, java.lang.Object, java.lang.Object, java.lang.Object)'> (0x000000008972fbc0) 
thrown [s\open\src\hotspot\share\interpreter\linkResolver.cpp, line 773]
Event: 0.147 Thread 0x000001e1ec2d95e0 Exception <a 'java/lang/NoSuchMethodError'{0x00000000897f4f68}: 'void java.lang.invoke.DirectMethodHandle$Holder.invokeStatic(java.lang.Object, java.lang.Object)'> (0x00000000897f4f68) 
thrown [s\open\src\hotspot\share\interpreter\linkResolver.cpp, line 773]
Event: 0.230 Thread 0x000001e1881666a0 Exception <a 'java/lang/NoSuchMethodError'{0x000000008936ab80}: 'int java.lang.invoke.DirectMethodHandle$Holder.invokeStaticInit(java.lang.Object, java.lang.Object, java.lang.Object, java.lang.Object)'> (0x000000008936ab80) 
thrown [s\open\src\hotspot\share\interpreter\linkResolver.cpp, line 773]
Event: 0.232 Thread 0x000001e1881666a0 Exception <a 'java/lang/NoSuchMethodError'{0x00000000893737c0}: 'java.lang.Object java.lang.invoke.DirectMethodHandle$Holder.invokeInterface(java.lang.Object, java.lang.Object)'> (0x00000000893737c0) 
thrown [s\open\src\hotspot\share\interpreter\linkResolver.cpp, line 773]
Event: 0.232 Thread 0x000001e1881666a0 Exception <a 'java/lang/IncompatibleClassChangeError'{0x0000000089376a38}: Found class java.lang.Object, but interface was expected> (0x0000000089376a38) 
thrown [s\open\src\hotspot\share\interpreter\linkResolver.cpp, line 840]
Event: 0.232 Thread 0x000001e1881666a0 Exception <a 'java/lang/NoSuchMethodError'{0x0000000089379510}: 'void java.lang.invoke.DirectMethodHandle$Holder.invokeStaticInit(java.lang.Object, java.lang.Object)'> (0x0000000089379510) 
thrown [s\open\src\hotspot\share\interpreter\linkResolver.cpp, line 773]
Event: 0.233 Thread 0x000001e1881666a0 Exception <a 'java/lang/NoSuchMethodError'{0x000000008937eaf8}: 'int java.lang.invoke.DirectMethodHandle$Holder.invokeStaticInit(java.lang.Object, java.lang.Object)'> (0x000000008937eaf8) 
thrown [s\open\src\hotspot\share\interpreter\linkResolver.cpp, line 773]

ZGC Phase Switch (0 events):
No events

VM Operations (8 events):
Event: 0.200 Executing VM operation: HandshakeAllThreads (Deoptimize)
Event: 0.200 Executing VM operation: HandshakeAllThreads (Deoptimize) done
Event: 0.241 Executing VM operation: HandshakeAllThreads (Deoptimize)
Event: 0.242 Executing VM operation: HandshakeAllThreads (Deoptimize) done
Event: 0.408 Executing VM operation: G1CollectForAllocation (G1 Evacuation Pause)
Event: 0.411 Executing VM operation: G1CollectForAllocation (G1 Evacuation Pause) done
Event: 0.776 Executing VM operation: G1CollectForAllocation (G1 Evacuation Pause)
Event: 0.778 Executing VM operation: G1CollectForAllocation (G1 Evacuation Pause) done

Events (15 events):
Event: 0.025 Thread 0x000001e1881666a0 Thread added: 0x000001e1881666a0
Event: 0.039 Thread 0x000001e1a6aac930 Thread added: 0x000001e1a6aac930
Event: 0.040 Thread 0x000001e1a6aad640 Thread added: 0x000001e1a6aad640
Event: 0.040 Thread 0x000001e1a6aaf200 Thread added: 0x000001e1a6aaf200
Event: 0.040 Thread 0x000001e1a6aafd30 Thread added: 0x000001e1a6aafd30
Event: 0.040 Thread 0x000001e1a6ab0a00 Thread added: 0x000001e1a6ab0a00
Event: 0.040 Thread 0x000001e1a6ab9460 Thread added: 0x000001e1a6ab9460
Event: 0.040 Thread 0x000001e1a6abf6f0 Thread added: 0x000001e1a6abf6f0
Event: 0.040 Thread 0x000001e1a6ac2190 Thread added: 0x000001e1a6ac2190
Event: 0.073 Thread 0x000001e1ec0a6130 Thread added: 0x000001e1ec0a6130
Event: 0.108 Thread 0x000001e1ec265070 Thread added: 0x000001e1ec265070
Event: 0.113 Thread 0x000001e1ec2a9050 Thread added: 0x000001e1ec2a9050
Event: 0.139 Thread 0x000001e1ec2d95e0 Thread added: 0x000001e1ec2d95e0
Event: 0.139 Thread 0x000001e1ec2d9c40 Thread added: 0x000001e1ec2d9c40
Event: 0.884 Thread 0x000001e1ecc1f930 Thread added: 0x000001e1ecc1f930


Dynamic libraries:
0x00007ff6c5e10000 - 0x00007ff6c5e20000 	C:\Program Files\Java\jdk-21\bin\java.exe
0x00007ffea2d70000 - 0x00007ffea2f68000 	C:\WINDOWS\SYSTEM32\ntdll.dll
0x00007ffea16e0000 - 0x00007ffea17a2000 	C:\WINDOWS\System32\KERNEL32.DLL
0x00007ffea0790000 - 0x00007ffea0a8f000 	C:\WINDOWS\System32\KERNELBASE.dll
0x00007ffea0c90000 - 0x00007ffea0d90000 	C:\WINDOWS\System32\ucrtbase.dll
0x00007ffe99cd0000 - 0x00007ffe99ceb000 	C:\Program Files\Java\jdk-21\bin\VCRUNTIME140.dll
0x00007ffe9b420000 - 0x00007ffe9b439000 	C:\Program Files\Java\jdk-21\bin\jli.dll
0x00007ffea1050000 - 0x00007ffea10ff000 	C:\WINDOWS\System32\ADVAPI32.dll
0x00007ffea2bc0000 - 0x00007ffea2c5e000 	C:\WINDOWS\System32\msvcrt.dll
0x00007ffea2670000 - 0x00007ffea270f000 	C:\WINDOWS\System32\sechost.dll
0x00007ffea1b10000 - 0x00007ffea1c33000 	C:\WINDOWS\System32\RPCRT4.dll
0x00007ffea0640000 - 0x00007ffea0667000 	C:\WINDOWS\System32\bcrypt.dll
0x00007ffea1370000 - 0x00007ffea150d000 	C:\WINDOWS\System32\USER32.dll
0x00007ffea0410000 - 0x00007ffea0432000 	C:\WINDOWS\System32\win32u.dll
0x00007ffe894d0000 - 0x00007ffe8976a000 	C:\WINDOWS\WinSxS\amd64_microsoft.windows.common-controls_6595b64144ccf1df_6.0.19041.4355_none_60b8b9eb71f62e16\COMCTL32.dll
0x00007ffea1510000 - 0x00007ffea153b000 	C:\WINDOWS\System32\GDI32.dll
0x00007ffea0a90000 - 0x00007ffea0baa000 	C:\WINDOWS\System32\gdi32full.dll
0x00007ffea05a0000 - 0x00007ffea063d000 	C:\WINDOWS\System32\msvcp_win.dll
0x00007ffe95f20000 - 0x00007ffe95f2a000 	C:\WINDOWS\SYSTEM32\VERSION.dll
0x00007ffea2b90000 - 0x00007ffea2bbf000 	C:\WINDOWS\System32\IMM32.DLL
0x00007ffe9b550000 - 0x00007ffe9b55c000 	C:\Program Files\Java\jdk-21\bin\vcruntime140_1.dll
0x00007ffe84560000 - 0x00007ffe845ee000 	C:\Program Files\Java\jdk-21\bin\msvcp140.dll
0x00007ffe39ec0000 - 0x00007ffe3abd8000 	C:\Program Files\Java\jdk-21\bin\server\jvm.dll
0x00007ffea1670000 - 0x00007ffea16db000 	C:\WINDOWS\System32\WS2_32.dll
0x00007ffe9f9a0000 - 0x00007ffe9f9eb000 	C:\WINDOWS\SYSTEM32\POWRPROF.dll
0x00007ffe92a30000 - 0x00007ffe92a57000 	C:\WINDOWS\SYSTEM32\WINMM.dll
0x00007ffe9f810000 - 0x00007ffe9f822000 	C:\WINDOWS\SYSTEM32\UMPDC.dll
0x00007ffe9ec30000 - 0x00007ffe9ec42000 	C:\WINDOWS\SYSTEM32\kernel.appcore.dll
0x00007ffe9b4b0000 - 0x00007ffe9b4ba000 	C:\Program Files\Java\jdk-21\bin\jimage.dll
0x00007ffe9e190000 - 0x00007ffe9e374000 	C:\WINDOWS\SYSTEM32\DBGHELP.DLL
0x00007ffe6fb90000 - 0x00007ffe6fbc4000 	C:\WINDOWS\SYSTEM32\dbgcore.DLL
0x00007ffea0c00000 - 0x00007ffea0c82000 	C:\WINDOWS\System32\bcryptPrimitives.dll
0x00007ffe99ec0000 - 0x00007ffe99ecf000 	C:\Program Files\Java\jdk-21\bin\instrument.dll
0x00007ffe862c0000 - 0x00007ffe862df000 	C:\Program Files\Java\jdk-21\bin\java.dll
0x00007ffea1c40000 - 0x00007ffea23ad000 	C:\WINDOWS\System32\SHELL32.dll
0x00007ffe9e380000 - 0x00007ffe9eb24000 	C:\WINDOWS\SYSTEM32\windows.storage.dll
0x00007ffea17b0000 - 0x00007ffea1b05000 	C:\WINDOWS\System32\combase.dll
0x00007ffe9fe40000 - 0x00007ffe9fe6b000 	C:\WINDOWS\SYSTEM32\Wldp.dll
0x00007ffea25a0000 - 0x00007ffea266d000 	C:\WINDOWS\System32\OLEAUT32.dll
0x00007ffea2460000 - 0x00007ffea250d000 	C:\WINDOWS\System32\SHCORE.dll
0x00007ffea2cd0000 - 0x00007ffea2d25000 	C:\WINDOWS\System32\shlwapi.dll
0x00007ffea0340000 - 0x00007ffea0365000 	C:\WINDOWS\SYSTEM32\profapi.dll
0x00007ffe82bf0000 - 0x00007ffe82cc7000 	C:\Program Files\Java\jdk-21\bin\jsvml.dll
0x00007ffe86130000 - 0x00007ffe86148000 	C:\Program Files\Java\jdk-21\bin\zip.dll
0x00007ffe995d0000 - 0x00007ffe995e0000 	C:\Program Files\Java\jdk-21\bin\net.dll
0x00007ffe96da0000 - 0x00007ffe96eaa000 	C:\WINDOWS\SYSTEM32\WINHTTP.dll
0x00007ffe9fba0000 - 0x00007ffe9fc0c000 	C:\WINDOWS\system32\mswsock.dll
0x00007ffe85e70000 - 0x00007ffe85e86000 	C:\Program Files\Java\jdk-21\bin\nio.dll
0x00007ffe85e50000 - 0x00007ffe85e6a000 	E:\Jetbrains\apps\IDEA-U\ch-0\232.10072.27\bin\breakgen64.dll
0x00007ffe86040000 - 0x00007ffe86049000 	C:\Program Files\Java\jdk-21\bin\extnet.dll
0x000001e1a6c20000 - 0x000001e1a6c24000 	C:\Program Files\Java\jdk-21\bin\api-ms-win-crt-locale-l1-1-0.dll
0x000001e1a6c30000 - 0x000001e1a6c35000 	C:\Program Files\Java\jdk-21\bin\api-ms-win-crt-string-l1-1-0.dll
0x000001e1a6c40000 - 0x000001e1a6c45000 	C:\Program Files\Java\jdk-21\bin\api-ms-win-crt-stdio-l1-1-0.dll
0x000001e1a6c50000 - 0x000001e1a6c56000 	C:\Program Files\Java\jdk-21\bin\api-ms-win-crt-math-l1-1-0.dll
0x000001e1a6c60000 - 0x000001e1a6c64000 	C:\Program Files\Java\jdk-21\bin\api-ms-win-crt-heap-l1-1-0.dll
0x000001e1a6c70000 - 0x000001e1a6c75000 	C:\Program Files\Java\jdk-21\bin\api-ms-win-crt-runtime-l1-1-0.dll
0x000001e1a6c80000 - 0x000001e1a6c85000 	C:\Program Files\Java\jdk-21\bin\api-ms-win-crt-convert-l1-1-0.dll
0x000001e1a6c90000 - 0x000001e1a6c94000 	C:\Program Files\Java\jdk-21\bin\api-ms-win-crt-environment-l1-1-0.dll
0x000001e1a6ca0000 - 0x000001e1a6ca4000 	C:\Program Files\Java\jdk-21\bin\api-ms-win-crt-time-l1-1-0.dll
0x000001e1a6cb0000 - 0x000001e1a6cb4000 	C:\Program Files\Java\jdk-21\bin\api-ms-win-crt-filesystem-l1-1-0.dll
0x000001e1a6cc0000 - 0x000001e1a6cc4000 	C:\Program Files\Java\jdk-21\bin\api-ms-win-crt-utility-l1-1-0.dll
0x000001e1a6cd0000 - 0x000001e1a6cd6000 	C:\Program Files\Java\jdk-21\bin\api-ms-win-crt-multibyte-l1-1-0.dll
0x000001e1a6ce0000 - 0x000001e1a6ce4000 	C:\Program Files\Java\jdk-21\bin\api-ms-win-crt-conio-l1-1-0.dll
0x000001e1a6cf0000 - 0x000001e1a6d01000 	C:\Program Files\Java\jdk-21\bin\api-ms-win-crt-private-l1-1-0.dll
0x000001e1a6d10000 - 0x000001e1a6d14000 	C:\Program Files\Java\jdk-21\bin\api-ms-win-crt-process-l1-1-0.dll
0x000001e1a6d20000 - 0x000001e1a6d24000 	C:\Program Files\Java\jdk-21\bin\api-ms-win-core-console-l1-2-0.dll
0x000001e1a6d30000 - 0x000001e1a6d34000 	C:\Program Files\Java\jdk-21\bin\api-ms-win-core-string-l1-1-0.dll
0x000001e1a6d40000 - 0x000001e1a6d44000 	C:\Program Files\Java\jdk-21\bin\api-ms-win-core-errorhandling-l1-1-0.dll
0x000001e1a6d50000 - 0x000001e1a6d54000 	C:\Program Files\Java\jdk-21\bin\api-ms-win-core-timezone-l1-1-0.dll
0x000001e1a6d60000 - 0x000001e1a6d65000 	C:\Program Files\Java\jdk-21\bin\api-ms-win-core-file-l1-1-0.dll
0x000001e1a6d70000 - 0x000001e1a6d74000 	C:\Program Files\Java\jdk-21\bin\api-ms-win-core-namedpipe-l1-1-0.dll
0x000001e1a6d80000 - 0x000001e1a6d84000 	C:\Program Files\Java\jdk-21\bin\api-ms-win-core-handle-l1-1-0.dll
0x000001e1a6d90000 - 0x000001e1a6d94000 	C:\Program Files\Java\jdk-21\bin\api-ms-win-core-file-l2-1-0.dll
0x000001e1a6da0000 - 0x000001e1a6da4000 	C:\Program Files\Java\jdk-21\bin\api-ms-win-core-heap-l1-1-0.dll
0x000001e1a6db0000 - 0x000001e1a6db4000 	C:\Program Files\Java\jdk-21\bin\api-ms-win-core-libraryloader-l1-1-0.dll
0x000001e1a6dc0000 - 0x000001e1a6dc4000 	C:\Program Files\Java\jdk-21\bin\api-ms-win-core-synch-l1-1-0.dll
0x000001e1a6dd0000 - 0x000001e1a6dd4000 	C:\Program Files\Java\jdk-21\bin\api-ms-win-core-processthreads-l1-1-0.dll
0x000001e1a6de0000 - 0x000001e1a6de4000 	C:\Program Files\Java\jdk-21\bin\api-ms-win-core-processenvironment-l1-1-0.dll
0x000001e1a6df0000 - 0x000001e1a6df4000 	C:\Program Files\Java\jdk-21\bin\api-ms-win-core-datetime-l1-1-0.dll
0x000001e1a6e00000 - 0x000001e1a6e04000 	C:\Program Files\Java\jdk-21\bin\api-ms-win-core-localization-l1-2-0.dll
0x000001e1a6e10000 - 0x000001e1a6e14000 	C:\Program Files\Java\jdk-21\bin\api-ms-win-core-sysinfo-l1-1-0.dll
0x000001e1a6e20000 - 0x000001e1a6e24000 	C:\Program Files\Java\jdk-21\bin\api-ms-win-core-synch-l1-2-0.dll
0x000001e1a6e30000 - 0x000001e1a6e34000 	C:\Program Files\Java\jdk-21\bin\api-ms-win-core-console-l1-1-0.dll
0x000001e1a6e40000 - 0x000001e1a6e44000 	C:\Program Files\Java\jdk-21\bin\api-ms-win-core-debug-l1-1-0.dll
0x000001e1a6e50000 - 0x000001e1a6e54000 	C:\Program Files\Java\jdk-21\bin\api-ms-win-core-rtlsupport-l1-1-0.dll
0x000001e1a6e60000 - 0x000001e1a6e64000 	C:\Program Files\Java\jdk-21\bin\api-ms-win-core-processthreads-l1-1-1.dll
0x000001e1a6e70000 - 0x000001e1a6e74000 	C:\Program Files\Java\jdk-21\bin\api-ms-win-core-file-l1-2-0.dll
0x000001e1a6e80000 - 0x000001e1a6e84000 	C:\Program Files\Java\jdk-21\bin\api-ms-win-core-profile-l1-1-0.dll
0x000001e1a6e90000 - 0x000001e1a6e94000 	C:\Program Files\Java\jdk-21\bin\api-ms-win-core-memory-l1-1-0.dll
0x000001e1a6ea0000 - 0x000001e1a6ea4000 	C:\Program Files\Java\jdk-21\bin\api-ms-win-core-util-l1-1-0.dll
0x000001e1a6eb0000 - 0x000001e1a6eb4000 	C:\Program Files\Java\jdk-21\bin\api-ms-win-core-interlocked-l1-1-0.dll
0x00007ffe7a550000 - 0x00007ffe7a661000 	C:\Program Files\Java\jdk-21\bin\ucrtbase.dll
0x00007ffe7f890000 - 0x00007ffe7f899000 	C:\Windows\System32\msvcp140_1.dll
0x00007ffe7f8a0000 - 0x00007ffe7f8ed000 	C:\Windows\System32\concrt140.dll
0x00007ffe846b0000 - 0x00007ffe846e0000 	C:\Windows\System32\vcomp140.dll
0x00007ffe69460000 - 0x00007ffe69604000 	C:\Windows\System32\libomp140.x86_64.dll
0x00007ffe68260000 - 0x00007ffe6844e000 	C:\Users\Õ¿«¿–\.javacpp\cache\llvm-19.1.3-1.5.11-windows-x86_64.jar\org\bytedeco\llvm\windows-x86_64\ntdll.dll
0x00007ffe7c010000 - 0x00007ffe7c07d000 	C:\Users\Õ¿«¿–\.javacpp\cache\llvm-19.1.3-1.5.11-windows-x86_64.jar\org\bytedeco\llvm\windows-x86_64\Ws2_32.dll
0x00007ffde6440000 - 0x00007ffdec13f000 	C:\Users\Õ¿«¿–\.javacpp\cache\llvm-19.1.3-1.5.11-windows-x86_64.jar\org\bytedeco\llvm\windows-x86_64\LTO.dll
0x00007ffe84520000 - 0x00007ffe8455e000 	C:\Users\Õ¿«¿–\.javacpp\cache\llvm-19.1.3-1.5.11-windows-x86_64.jar\org\bytedeco\llvm\windows-x86_64\Remarks.dll
0x00007ffdde4f0000 - 0x00007ffde43b2000 	C:\Users\Õ¿«¿–\.javacpp\cache\llvm-19.1.3-1.5.11-windows-x86_64.jar\org\bytedeco\llvm\windows-x86_64\jniLLVM.dll
0x00007ffea1540000 - 0x00007ffea166b000 	C:\WINDOWS\System32\ole32.dll
0x00007ffe85df0000 - 0x00007ffe85e09000 	C:\Users\Õ¿«¿–\.javacpp\cache\javacpp-1.5.11-windows-x86_64.jar\org\bytedeco\javacpp\windows-x86_64\jnijavacpp.dll

dbghelp: loaded successfully - version: 4.0.5 - missing functions: none
symbol engine: initialized successfully - sym options: 0x614 - pdb path: .;C:\Program Files\Java\jdk-21\bin;C:\WINDOWS\SYSTEM32;C:\WINDOWS\WinSxS\amd64_microsoft.windows.common-controls_6595b64144ccf1df_6.0.19041.4355_none_60b8b9eb71f62e16;C:\Program Files\Java\jdk-21\bin\server;E:\Jetbrains\apps\IDEA-U\ch-0\232.10072.27\bin;C:\Users\Õ¿«¿–\.javacpp\cache\llvm-19.1.3-1.5.11-windows-x86_64.jar\org\bytedeco\llvm\windows-x86_64;C:\Users\Õ¿«¿–\.javacpp\cache\javacpp-1.5.11-windows-x86_64.jar\org\bytedeco\javacpp\windows-x86_64

VM Arguments:
jvm_args: -javaagent:E:\Jetbrains\apps\IDEA-U\ch-0\232.10072.27\lib\idea_rt.jar=58665:E:\Jetbrains\apps\IDEA-U\ch-0\232.10072.27\bin -Dfile.encoding=UTF-8 -Dsun.stdout.encoding=UTF-8 -Dsun.stderr.encoding=UTF-8 
java_command: MainKt
java_class_path (initial): E:\Proga\JavaProjects\Shch\build\classes\java\main;E:\Proga\JavaProjects\Shch\build\classes\kotlin\main;E:\Proga\JavaProjects\Shch\build\resources\main;C:\Users\Õ¿«¿–\.gradle\caches\modules-2\files-2.1\org.bytedeco\llvm-platform\19.1.3-1.5.11\e92550d6e07a6815c6094a04231572e35c927bd7\llvm-platform-19.1.3-1.5.11.jar;C:\Users\Õ¿«¿–\.gradle\caches\modules-2\files-2.1\org.antlr\antlr4\4.13.1\71b8e3e31b0821480a5db1486012caa89e673f41\antlr4-4.13.1.jar;C:\Users\Õ¿«¿–\.gradle\caches\modules-2\files-2.1\org.antlr\antlr4-runtime\4.13.1\17125bae1d965624e265ef49552f6465a2bfa307\antlr4-runtime-4.13.1.jar;C:\Users\Õ¿«¿–\.gradle\caches\modules-2\files-2.1\org.jetbrains.kotlin\kotlin-stdlib\1.9.0\8ee15ef0c67dc83d874f412d84378d7f0eb50b63\kotlin-stdlib-1.9.0.jar;C:\Users\Õ¿«¿–\.gradle\caches\modules-2\files-2.1\org.bytedeco\javacpp-platform\1.5.11\3be0f5396552ec336fffd83f2042aacaa02248d1\javacpp-platform-1.5.11.jar;C:\Users\Õ¿«¿–\.gradle\caches\modules-2\files-2.1\org.bytedeco\llvm\19.1.3-1.5.11\acf81e82ee95ec47cedd43092545e478805f0130\llvm-19.1.3-1.5.11.jar;C:\Users\Õ¿«¿–\.gradle\caches\modules-2\files-2.1\org.bytedeco\llvm\19.1.3-1.5.11\f0596282926e9703c4551e7fe07dc2a78221a8b6\llvm-19.1.3-1.5.11-linux-arm64.jar;C:\Users\Õ¿«¿–\.gradle\caches\modules-2\files-2.1\org.bytedeco\llvm\19.1.3-1.5.11\52191586997dc0e0f5673397a03c226ba7d98b15\llvm-19.1.3-1.5.11-linux-x86_64.jar;C:\Users\Õ¿«¿–\.gradle\caches\modules-2\files-2.1\org.bytedeco\llvm\19.1.3-1.5.11\47e03df14d28edc320c38bc7eadf1ef9f74a6ab1\llvm-19.1.3-1.5.11-macosx-arm64.jar;C:\Users\Õ¿«¿–\.gradle\caches\modules-2\files-2.1\org.bytedeco\llvm\19.1.3-1.5.11\7879e8e1aa59e1e060d5d0e1d4d2ef26f4531149\llvm-19.1.3-1.5.11-macosx-x86_64.jar;C:\Users\Õ¿«¿–\.gradle\caches\modules-2\files-2.1\org.bytedeco\llvm\19.1.3-1.5.11\b2f4069d1c5a9bffc88d1393a12722b3c0d20011\llvm-19.1.3-1.5.11-windows-x86_64.jar;C:\Users\Õ¿«¿–\.gradle\caches\modules-2\files-2.1\org.antlr\ST4\4.3.4\bf68d049dd4e6e104055a79ac3bf9e6307d29258\ST4-4.3.4.jar;C:\Users\Õ¿«¿–\.gradle\caches\modules-2\files-2.1\org.antlr\antlr-runtime\3.5.3\9011fb189c5ed6d99e5f3322514848d1ec1e1416\antlr-runtime-3.5.3.jar;C:\Users\Õ¿«¿–\.gradle\caches\modules-2\files-2.1\org.abego.treelayout\org.abego.treelayout.core\1.0.3\457216e8e6578099ae63667bb1e4439235892028\org.abego.treelayout.core-1.0.3.jar;C:\Users\Õ¿«¿–\.gradle\caches\modules-2\files-2.1\com.ibm.icu\icu4j\72.1\bc9057df4b5efddf7f6d1880bf7f3399f4ce5633\icu4j-72.1.jar;C:\Users\Õ¿«¿–\.gradle\caches\modules-2\files-2.1\org.jetbrains.kotlin\kotlin-stdlib-common\1.9.0\cd65c21cfd1eec4d44ef09f9f52b6d9f8a720636\kotlin-stdlib-common-1.9.0.jar;C:\Users\Õ¿«¿–\.gradle\caches\modules-2\files-2.1\org.jetbrains\annotations\13.0\919f0dfe192fb4e063e7dacadee7f8bb9a2672a9\annotations-13.0.jar;C:\Users\Õ¿«¿–\.gradle\caches\modules-2\files-2.1\org.bytedeco\javacpp\1.5.11\76a0197853ab5e2d3643804e62f9018053750ddf\javacpp-1.5.11.jar;C:\Users\Õ¿«¿–\.gradle\caches\modules-2\files-2.1\org.bytedeco\javacpp\1.5.11\ea5132919ded9a30bd4e74192fab988159be0272\javacpp-1.5.11-android-arm64.jar;C:\Users\Õ¿«¿–\.gradle\caches\modules-2\files-2.1\org.bytedeco\javacpp\1.5.11\6dcebfecd64ca1f19c52cb090ec4c3d23b6941c9\javacpp-1.5.11-android-x86_64.jar;C:\Users\Õ¿«¿–\.gradle\caches\modules-2\files-2.1\org.bytedeco\javacpp\1.5.11\150f55b6508b335af49d77d87eae83bc228a7307\javacpp-1.5.11-ios-arm64.jar;C:\Users\Õ¿«¿–\.gradle\caches\modules-2\files-2.1\org.bytedeco\javacpp\1.5.11\a4318f2a5d4b36468944d2f7b91affad6ac6e51a\javacpp-1.5.11-ios-x86_64.jar;C:\Users\Õ¿«¿–\.gradle\caches\modules-2\files-2.1\org.bytedeco\javacpp\1.5.11\c16d00b57fc6cd7d59dd00da48745d8ddb6406fe\javacpp-1.5.11-linux-arm64.jar;C:\Users\Õ¿«¿–\.gradle\caches\modules-2\files-2.1\org.bytedeco\javacpp\1.5.11\7fff5ed541aeb4f7fcb30ac878e6721fe6b93b55\javacpp-1.5.11-linux-ppc64le.jar;C:\Users\Õ¿«¿–\.gradle\caches\modules-2\files-2.1\org.bytedeco\javacpp\1.5.11\a0638ad2ac26da1116d3f72555865ef3a8c95525\javacpp-1.5.11-linux-x86_64.jar;C:\Users\Õ¿«¿–\.gradle\caches\modules-2\files-2.1\org.bytedeco\javacpp\1.5.11\df05a996ce8b0599995109c62d29e84c3819b461\javacpp-1.5.11-macosx-arm64.jar;C:\Users\Õ¿«¿–\.gradle\caches\modules-2\files-2.1\org.bytedeco\javacpp\1.5.11\50dfb81327a90385e5defc8a8d36de81d3d58cb0\javacpp-1.5.11-macosx-x86_64.jar;C:\Users\Õ¿«¿–\.gradle\caches\modules-2\files-2.1\org.bytedeco\javacpp\1.5.11\b1245824a612462e16021b26aa1004e2b69aead0\javacpp-1.5.11-windows-x86_64.jar
Launcher Type: SUN_STANDARD

[Global flags]
     intx CICompilerCount                          = 4                                         {product} {ergonomic}
     uint ConcGCThreads                            = 2                                         {product} {ergonomic}
     uint G1ConcRefinementThreads                  = 8                                         {product} {ergonomic}
   size_t G1HeapRegionSize                         = 1048576                                   {product} {ergonomic}
    uintx GCDrainStackTargetSize                   = 64                                        {product} {ergonomic}
   size_t InitialHeapSize                          = 134217728                                 {product} {ergonomic}
   size_t MarkStackSize                            = 4194304                                   {product} {ergonomic}
   size_t MaxHeapSize                              = 2116026368                                {product} {ergonomic}
   size_t MaxNewSize                               = 1268776960                                {product} {ergonomic}
   size_t MinHeapDeltaBytes                        = 1048576                                   {product} {ergonomic}
   size_t MinHeapSize                              = 8388608                                   {product} {ergonomic}
    uintx NonNMethodCodeHeapSize                   = 5839372                                {pd product} {ergonomic}
    uintx NonProfiledCodeHeapSize                  = 122909434                              {pd product} {ergonomic}
    uintx ProfiledCodeHeapSize                     = 122909434                              {pd product} {ergonomic}
    uintx ReservedCodeCacheSize                    = 251658240                              {pd product} {ergonomic}
     bool SegmentedCodeCache                       = true                                      {product} {ergonomic}
   size_t SoftMaxHeapSize                          = 2116026368                             {manageable} {ergonomic}
     bool UseCompressedOops                        = true                           {product lp64_product} {ergonomic}
     bool UseG1GC                                  = true                                      {product} {ergonomic}
     bool UseLargePagesIndividualAllocation        = false                                  {pd product} {ergonomic}

Logging:
Log output configuration:
 #0: stdout all=warning uptime,level,tags foldmultilines=false
 #1: stderr all=off uptime,level,tags foldmultilines=false

Environment Variables:
PATH=C:\Program Files\Common Files\Oracle\Java\javapath;C:\Program Files\Microsoft MPI\Bin\;C:\Program Files\PowerShell\7;C:\Program Files\gsudo\Current;C:\Users\Õ¿«¿–\AppData\Local\Programs\Python\Python38\Scripts\;C:\Users\Õ¿«¿–\AppData\Local\Programs\Python\Python38\;C:\Users\Õ¿«¿–\AppData\Local\Microsoft\WindowsApps;E:\CodeBlocks\MinGW\bin;C:\Program Files\gnuplot\bin\gnuplot.exe;E:\IntelliJ IDEA Community Edition 2021.3.2\bin;C:\Users\Õ¿«¿–\AppData\Local\JetBrains\Toolbox\scripts;C:\Users\Õ¿«¿–/bin;C:\Windows\System32;C:\Windows;C:\Windows\System32\Wbem;C:\Windows\System32\WindowsPowerShell\v1.0;C:\Users\Õ¿«¿–/bin;E:\Oracle\VirtualBox;C:\Windows\System32\OpenSSH;C:\Program Files\Git\cmd;C:\Program Files\Java\jdk-17\bin;C:\Program Files\dotnet\;C:\Program Files\Microsoft SQL Server\130\Tools\Binn\;C:\Program Files\nodejs\;C:\Program Files\Docker\Docker\resources\bin;%JAVA_HOME%;C:\Users\Õ¿«¿–\.gradle\wrapper\dists\gradle-8.4-bin\1w5dpkrfk8irigvoxmyhowfim\gradle-8.4\bin;C:\platform-tools;C:\Program Files (x86)\NVIDIA Corporation\PhysX\Common;C:\Program Files\NVIDIA Corporation\NVIDIA NvDLISR;C:\Program Files\PowerShell\7\;E:\MatLAB\bin;C:\Program Files\Common Files\Oracle\Java\javapath;C:\Program Files\Microsoft MPI\Bin\;C:\Program Files\PowerShell\7;C:\Program Files\gsudo\Current;C:\Users\Õ¿«¿–\AppData\Local\Programs\Python\Python38\Scripts\;C:\Users\Õ¿«¿–\AppData\Local\Programs\Python\Python38\;C:\Users\Õ¿«¿–\AppData\Local\Microsoft\WindowsApps;E:\CodeBlocks\MinGW\bin;C:\Program Files\gnuplot\bin\gnuplot.exe;E:\IntelliJ IDEA Community Edition 2021.3.2\bin;C:\Users\Õ¿«¿–\AppData\Local\JetBrains\Toolbox\scripts;C:\Users\Õ¿«¿–/bin;C:\Windows\System32;C:\Windows;C:\Windows\System32\Wbem;C:\Windows\System32\WindowsPowerShell\v1.0;C:\Users\Õ¿«¿–/bin;E:\Oracle\VirtualBox;C:\Windows\System32\OpenSSH;C:\Program Files\Git\cmd;C:\Program Files\Java\jdk-17\bin;C:\Program Files\dotnet\;C:\Program Files\Microsoft SQL Server\130\Tools\Binn\;C:\Program Files\nodejs\;C:\Program Files\Docker\Docker\resources\bin;%JAVA_HOME%;C:\Users\Õ¿«¿–\.gradle\wrapper\dists\gradle-8.4-bin\1w5dpkrfk8irigvoxmyhowfim\gradle-8.4\bin;C:\platform-tools;C:\Program Files (x86)\NVIDIA Corporation\PhysX\Common;C:\Program Files\NVIDIA Corporation\NVIDIA NvDLISR;C:\Program Files\PowerShell\7\;E:\MatLAB\bin;;E:\JetBrainsTools\scripts;C:\Users\Õ¿«¿–\.dotnet\tools;E:\Microsoft VS Code\bin;C:\Users\Õ¿«¿–\AppData\Roaming\npm;C:\ProgramData\chocolatey\bin;C:\Program Files\OpenSSL-Win64\bin;
USERNAME=Õ¿«¿–
OS=Windows_NT
PROCESSOR_IDENTIFIER=Intel64 Family 6 Model 158 Stepping 10, GenuineIntel
TMP=C:\Users\53AF~1\AppData\Local\Temp
TEMP=C:\Users\53AF~1\AppData\Local\Temp




Periodic native trim disabled

---------------  S Y S T E M  ---------------

OS:
 Windows 10 , 64 bit Build 19041 (10.0.19041.5438)
OS uptime: 0 days 1:43 hours

CPU: total 8 (initial active 8) (4 cores per cpu, 2 threads per core) family 6 model 158 stepping 10 microcode 0xb4, cx8, cmov, fxsr, ht, mmx, 3dnowpref, sse, sse2, sse3, ssse3, sse4.1, sse4.2, popcnt, lzcnt, tsc, tscinvbit, avx, avx2, aes, erms, clmul, bmi1, bmi2, adx, fma, vzeroupper, clflush, clflushopt, rdtscp, f16c
Processor Information for all 8 processors :
  Max Mhz: 2304, Current Mhz: 2304, Mhz Limit: 2304

Memory: 4k page, system-wide physical 8066M (814M free)
TotalPageFile size 16328M (AvailPageFile size 2878M)
current process WorkingSet (physical memory assigned to process): 114M, peak: 114M
current process commit charge ("private bytes"): 236M, peak: 236M

vm_info: Java HotSpot(TM) 64-Bit Server VM (21.0.5+9-LTS-239) for windows-amd64 JRE (21.0.5+9-LTS-239), built on 2024-09-30T05:17:38Z by "mach5one" with MS VC++ 17.6 (VS2022)

END.
